[Safari] [Safari] Connected
[Safari] [Safari] Connected
[Safari] Starting Benchmark...
[Safari] Warmup: 5, Measure: 20 passes × 50 iterations
[Safari] Starting Benchmark...
[Safari] Warmup: 5, Measure: 20 passes × 50 iterations
[Safari] === Per-Iteration Timing (sum of individual pass durations) ===
[Safari] Fragment: median=22.24 mean=22.34±1.54 us
[Safari] Compute:  median=7.68 mean=7.84±0.79 us
[Safari] Speedup: 2.90x
[Safari] === Wall-Clock Timing (total time ÷ iterations) ===
[Safari] Fragment: median=53.59 mean=58.83±16.88 us
[Safari] Compute:  median=72.69 mean=68.13±30.66 us
[Safari] Speedup: 0.74x
[Safari] === Overhead (wall - perIter) ===
[Safari] Fragment overhead: 31.36 us/iter
[Safari] Compute overhead:  65.01 us/iter
[Safari] === Per-Iteration Timing (sum of individual pass durations) ===
[Safari] Fragment: median=23.80 mean=23.18±1.24 us
[Safari] Compute:  median=7.62 mean=7.78±0.51 us
[Safari] Speedup: 3.12x
[Safari] === Wall-Clock Timing (total time ÷ iterations) ===
[Safari] Fragment: median=59.58 mean=59.51±15.42 us
[Safari] Compute:  median=69.46 mean=65.85±27.89 us
[Safari] Speedup: 0.86x
[Safari] === Overhead (wall - perIter) ===
[Safari] Fragment overhead: 35.78 us/iter
[Safari] Compute overhead:  61.84 us/iter
[Firefox] [Firefox] Connected
[Firefox] Starting Benchmark...
[Firefox] Warmup: 5, Measure: 20 passes × 50 iterations
[Firefox] === Per-Iteration Timing (sum of individual pass durations) ===
[Firefox] Fragment: median=50.84 mean=51.14±10.41 us
[Firefox] Compute:  median=17.88 mean=18.15±2.11 us
[Firefox] Speedup: 2.84x
[Firefox] === Wall-Clock Timing (total time ÷ iterations) ===
[Firefox] Fragment: median=168.57 mean=175.67±52.51 us
[Firefox] Compute:  median=182.66 mean=169.06±60.89 us
[Firefox] Speedup: 0.92x
[Firefox] === Overhead (wall - perIter) ===
[Firefox] Fragment overhead: 117.73 us/iter
[Firefox] Compute overhead:  164.78 us/iter
[Safari] [Safari] Connected
[Safari] [Safari] Connected
[Firefox] [Firefox] Connected
[Safari] Starting Benchmark...
[Safari] Warmup: 5, Measure: 20 passes × 50 iterations
[Safari] Starting Benchmark...
[Safari] Warmup: 5, Measure: 20 passes × 50 iterations
[Safari] === Per-Iteration Timing (sum of individual pass durations) ===
[Safari] Fragment: median=22.28 mean=22.32±1.65 us
[Safari] Compute:  median=7.87 mean=7.87±0.82 us
[Safari] Speedup: 2.83x
[Safari] === Wall-Clock Timing (total time ÷ iterations) ===
[Safari] Fragment: median=53.32 mean=52.82±11.97 us
[Safari] Compute:  median=68.43 mean=68.34±34.43 us
[Safari] Speedup: 0.78x
[Safari] === Overhead (wall - perIter) ===
[Safari] Fragment overhead: 31.04 us/iter
[Safari] Compute overhead:  60.56 us/iter
[Safari] === Per-Iteration Timing (sum of individual pass durations) ===
[Safari] Fragment: median=23.91 mean=23.25±2.08 us
[Safari] Compute:  median=7.53 mean=7.86±0.67 us
[Safari] Speedup: 3.18x
[Safari] === Wall-Clock Timing (total time ÷ iterations) ===
[Safari] Fragment: median=64.71 mean=60.07±13.01 us
[Safari] Compute:  median=77.40 mean=69.64±27.76 us
[Safari] Speedup: 0.84x
[Safari] === Overhead (wall - perIter) ===
[Safari] Fragment overhead: 40.80 us/iter
[Safari] Compute overhead:  69.87 us/iter
[Firefox] Starting Benchmark...
[Firefox] Warmup: 5, Measure: 20 passes × 50 iterations
[Firefox] === Per-Iteration Timing (sum of individual pass durations) ===
[Firefox] Fragment: median=53.80 mean=54.04±10.86 us
[Firefox] Compute:  median=17.27 mean=17.65±1.68 us
[Firefox] Speedup: 3.11x
[Firefox] === Wall-Clock Timing (total time ÷ iterations) ===
[Firefox] Fragment: median=182.24 mean=175.83±58.28 us
[Firefox] Compute:  median=157.18 mean=180.23±70.76 us
[Firefox] Speedup: 1.16x
[Firefox] === Overhead (wall - perIter) ===
[Firefox] Fragment overhead: 128.44 us/iter
[Firefox] Compute overhead:  139.90 us/iter
[Safari] [Safari] Connected
[Safari] [Safari] Connected
[Safari] Starting Benchmark...
[Safari] Warmup: 5, Measure: 20 passes × 50 iterations
[Safari] Starting Benchmark...
[Safari] Warmup: 5, Measure: 20 passes × 50 iterations
[Safari] === Per-Iteration Timing (sum of individual pass durations) ===
[Safari] Fragment: median=22.82 mean=22.38±1.92 us
[Safari] Compute:  median=7.57 mean=7.75±0.68 us
[Safari] Speedup: 3.01x
[Safari] === Wall-Clock Timing (total time ÷ iterations) ===
[Safari] Fragment: median=51.86 mean=52.15±10.38 us
[Safari] Compute:  median=49.54 mean=50.37±23.58 us
[Safari] Speedup: 1.05x
[Safari] === Overhead (wall - perIter) ===
[Safari] Fragment overhead: 29.04 us/iter
[Safari] Compute overhead:  41.98 us/iter
[Safari] === Per-Iteration Timing (sum of individual pass durations) ===
[Safari] Fragment: median=22.32 mean=22.58±1.94 us
[Safari] Compute:  median=7.91 mean=8.12±0.81 us
[Safari] Speedup: 2.82x
[Safari] === Wall-Clock Timing (total time ÷ iterations) ===
[Safari] Fragment: median=58.66 mean=59.42±20.12 us
[Safari] Compute:  median=46.84 mean=49.38±20.34 us
[Safari] Speedup: 1.25x
[Safari] === Overhead (wall - perIter) ===
[Safari] Fragment overhead: 36.34 us/iter
[Safari] Compute overhead:  38.94 us/iter
[Firefox] [Firefox] Connected
[Firefox] Starting Benchmark...
[Firefox] Warmup: 5, Measure: 20 passes × 50 iterations
[Firefox] === Per-Iteration Timing (sum of individual pass durations) ===
[Firefox] Fragment: median=48.95 mean=51.93±7.41 us
[Firefox] Compute:  median=18.38 mean=18.34±2.40 us
[Firefox] Speedup: 2.66x
[Firefox] === Wall-Clock Timing (total time ÷ iterations) ===
[Firefox] Fragment: median=173.93 mean=179.54±37.51 us
[Firefox] Compute:  median=175.47 mean=175.47±77.02 us
[Firefox] Speedup: 0.99x
[Firefox] === Overhead (wall - perIter) ===
[Firefox] Fragment overhead: 124.98 us/iter
[Firefox] Compute overhead:  157.10 us/iter
[Safari] [Safari] Connected
[Safari] [Safari] Connected
[Safari] Starting Benchmark...
[Safari] Warmup: 5, Measure: 20 passes × 50 iterations
[Safari] Starting Benchmark...
[Safari] Warmup: 5, Measure: 20 passes × 50 iterations
[Safari] === Per-Iteration Timing (sum of individual pass durations) ===
[Safari] Fragment: median=23.56 mean=23.95±2.54 us
[Safari] Compute:  median=7.69 mean=7.88±0.64 us
[Safari] Speedup: 3.06x
[Safari] === Wall-Clock Timing (total time ÷ iterations) ===
[Safari] Fragment: median=63.37 mean=54.61±13.78 us
[Safari] Compute:  median=52.66 mean=52.53±26.16 us
[Safari] Speedup: 1.20x
[Safari] === Overhead (wall - perIter) ===
[Safari] Fragment overhead: 39.80 us/iter
[Safari] Compute overhead:  44.97 us/iter
[Safari] === Per-Iteration Timing (sum of individual pass durations) ===
[Safari] Fragment: median=27.56 mean=36.57±18.75 us
[Safari] Compute:  median=8.65 mean=10.81±4.44 us
[Safari] Speedup: 3.19x
[Safari] === Wall-Clock Timing (total time ÷ iterations) ===
[Safari] Fragment: median=48.59 mean=53.29±13.32 us
[Safari] Compute:  median=74.66 mean=64.21±31.99 us
[Safari] Speedup: 0.65x
[Safari] === Overhead (wall - perIter) ===
[Safari] Fragment overhead: 21.03 us/iter
[Safari] Compute overhead:  66.01 us/iter
[Firefox] [Firefox] Connected
[Firefox] Starting Benchmark...
[Firefox] Warmup: 5, Measure: 20 passes × 50 iterations
[Firefox] === Per-Iteration Timing (sum of individual pass durations) ===
[Firefox] Fragment: median=49.40 mean=52.05±8.71 us
[Firefox] Compute:  median=18.47 mean=18.11±2.83 us
[Firefox] Speedup: 2.67x
[Firefox] === Wall-Clock Timing (total time ÷ iterations) ===
[Firefox] Fragment: median=168.42 mean=181.21±61.63 us
[Firefox] Compute:  median=196.88 mean=220.19±90.82 us
[Firefox] Speedup: 0.86x
[Firefox] === Overhead (wall - perIter) ===
[Firefox] Fragment overhead: 119.02 us/iter
[Firefox] Compute overhead:  178.40 us/iter
[Firefox] [Firefox] Connected
[Safari] [Safari] Connected
[Safari] [Safari] Connected
[Safari] [Safari] Connected
[Safari] [Safari] Connected
[Safari] Starting Benchmark...
[Safari] Starting Benchmark...
[Firefox] [Firefox] Connected
[Safari] [Safari] Connected
[Safari] [Safari] Connected
[Safari] Starting Benchmark...
[Safari] Warmup: 5 runs, Measure: 20 runs × 50 iterations
[Firefox] Starting Benchmark...
[Safari] Starting Benchmark...
[Safari] Warmup: 5 runs, Measure: 20 runs × 50 iterations
[Firefox] [Firefox] Connected
[Safari] [Safari] Connected
[Safari] [Safari] Connected
[Safari] Starting Benchmark...
[Safari] Warmup: 5 runs, Measure: 20 runs × 50 iterations
[Safari] Starting Benchmark...
[Safari] Warmup: 5 runs, Measure: 20 runs × 50 iterations
[Firefox] Starting Benchmark...
[Firefox] Warmup: 5 runs, Measure: 20 runs × 50 iterations
[Safari] [Safari] Connected
[Safari] [Safari] Connected
[Safari] Starting Benchmark...
[Safari] Warmup: 5 runs, Measure: 20 runs × 50 iterations
[Firefox] [Firefox] Connected
[Firefox] Starting Benchmark...
[Firefox] Warmup: 5 runs, Measure: 20 runs × 50 iterations
[Safari] [Safari] Connected
[Safari] [Safari] Connected
[Safari] Starting Benchmark...
[Safari] Warmup: 5 runs, Measure: 20 runs × 50 iterations
[Safari] Starting Benchmark...
[Safari] Warmup: 5 runs, Measure: 20 runs × 50 iterations
[Safari] === Per-Iteration Timing (sum of individual pass durations) ===
[Safari] Fragment: median=21.54 mean=21.67±1.23 us
[Safari] Compute:  median=7.53 mean=7.61±0.30 us
[Safari] Speedup: 2.86x
[Safari] === Wall-Clock Timing (total time ÷ iterations) ===
[Safari] Fragment: median=47.98 mean=48.88±8.47 us
[Safari] Compute:  median=43.94 mean=43.71±16.51 us
[Safari] Speedup: 1.09x
[Safari] === Overhead (wall - perIter) ===
[Safari] Fragment overhead: 26.43 us/iter
[Safari] Compute overhead:  36.40 us/iter
[Safari] === Per-Iteration Timing (sum of individual pass durations) ===
[Safari] Fragment: median=25.13 mean=26.34±7.87 us
[Safari] Compute:  median=8.91 mean=9.34±2.35 us
[Safari] Speedup: 2.82x
[Safari] === Wall-Clock Timing (total time ÷ iterations) ===
[Safari] Fragment: median=56.11 mean=57.31±12.81 us
[Safari] Compute:  median=65.66 mean=67.50±29.32 us
[Safari] Speedup: 0.85x
[Safari] === Overhead (wall - perIter) ===
[Safari] Fragment overhead: 30.98 us/iter
[Safari] Compute overhead:  56.75 us/iter
[Firefox] [Firefox] Connected
[Firefox] Starting Benchmark...
[Firefox] Warmup: 5 runs, Measure: 20 runs × 50 iterations
[Safari] [Safari] Connected
[Safari] [Safari] Connected
[Safari] Starting Benchmark...
[Safari] Warmup: 5 runs, Measure: 20 runs × 50 iterations
[Safari] Starting Benchmark...
[Safari] Warmup: 5 runs, Measure: 20 runs × 50 iterations
[Safari] === Per-Iteration Timing (sum of individual pass durations) ===
[Safari] Fragment: median=23.19 mean=23.16±2.52 us
[Safari] Compute:  median=7.56 mean=7.68±0.47 us
[Safari] Speedup: 3.07x
[Safari] === Wall-Clock Timing (total time ÷ iterations) ===
[Safari] Fragment: median=59.78 mean=56.98±12.21 us
[Safari] Compute:  median=36.66 mean=42.26±21.84 us
[Safari] Speedup: 1.63x
[Safari] === Overhead (wall - perIter) ===
[Safari] Fragment overhead: 36.60 us/iter
[Safari] Compute overhead:  29.10 us/iter
[Safari] === Per-Iteration Timing (sum of individual pass durations) ===
[Safari] Fragment: median=23.27 mean=22.81±1.83 us
[Safari] Compute:  median=7.77 mean=7.89±0.73 us
[Safari] Speedup: 2.99x
[Safari] === Wall-Clock Timing (total time ÷ iterations) ===
[Safari] Fragment: median=49.66 mean=53.74±12.41 us
[Safari] Compute:  median=49.65 mean=47.05±14.68 us
[Safari] Speedup: 1.00x
[Safari] === Overhead (wall - perIter) ===
[Safari] Fragment overhead: 26.39 us/iter
[Safari] Compute overhead:  41.87 us/iter
[Firefox] [Firefox] Connected
[Firefox] Starting Benchmark...
[Firefox] Warmup: 5 runs, Measure: 20 runs × 50 iterations
[Firefox] === Per-Iteration Timing (sum of individual pass durations) ===
[Firefox] Fragment: median=46.49 mean=57.33±40.56 us
[Firefox] Compute:  median=19.66 mean=19.40±1.99 us
[Firefox] Speedup: 2.37x
[Firefox] === Wall-Clock Timing (total time ÷ iterations) ===
[Firefox] Fragment: median=172.90 mean=181.56±61.99 us
[Firefox] Compute:  median=148.87 mean=150.27±51.69 us
[Firefox] Speedup: 1.16x
[Firefox] === Overhead (wall - perIter) ===
[Firefox] Fragment overhead: 126.41 us/iter
[Firefox] Compute overhead:  129.21 us/iter
[Safari] [Safari] Connected
[Safari] [Safari] Connected
[Safari] Starting Benchmark...
[Safari] Warmup: 5 runs, Measure: 20 runs × 50 iterations
[Safari] Starting Benchmark...
[Safari] Warmup: 5 runs, Measure: 20 runs × 50 iterations
[Safari] === Per-Iteration Timing (sum of individual pass durations) ===
[Safari] Fragment: median=22.37 mean=22.39±1.71 us
[Safari] Compute:  median=7.69 mean=7.90±0.66 us
[Safari] Speedup: 2.91x
[Safari] === Wall-Clock Timing (total time ÷ iterations) ===
[Safari] Fragment: median=48.17 mean=53.56±13.04 us
[Safari] Compute:  median=61.28 mean=64.45±34.50 us
[Safari] Speedup: 0.79x
[Safari] === Overhead (wall - perIter) ===
[Safari] Fragment overhead: 25.80 us/iter
[Safari] Compute overhead:  53.59 us/iter
[Safari] === Per-Iteration Timing (sum of individual pass durations) ===
[Safari] Fragment: median=23.41 mean=22.84±1.60 us
[Safari] Compute:  median=7.77 mean=8.08±0.75 us
[Safari] Speedup: 3.01x
[Safari] === Wall-Clock Timing (total time ÷ iterations) ===
[Safari] Fragment: median=57.23 mean=60.56±17.31 us
[Safari] Compute:  median=61.93 mean=60.43±28.82 us
[Safari] Speedup: 0.92x
[Safari] === Overhead (wall - perIter) ===
[Safari] Fragment overhead: 33.82 us/iter
[Safari] Compute overhead:  54.16 us/iter
[Firefox] [Firefox] Connected
[Firefox] Starting Benchmark...
[Firefox] Warmup: 5 runs, Measure: 20 runs × 50 iterations
[Firefox] === Per-Iteration Timing (sum of individual pass durations) ===
[Firefox] Fragment: median=47.14 mean=50.08±10.16 us
[Firefox] Compute:  median=17.33 mean=18.59±2.99 us
[Firefox] Speedup: 2.72x
[Firefox] === Wall-Clock Timing (total time ÷ iterations) ===
[Firefox] Fragment: median=178.94 mean=172.81±45.04 us
[Firefox] Compute:  median=175.37 mean=177.81±71.21 us
[Firefox] Speedup: 1.02x
[Firefox] === Overhead (wall - perIter) ===
[Firefox] Fragment overhead: 131.80 us/iter
[Firefox] Compute overhead:  158.04 us/iter
[Safari] [Safari] Connected
[Safari] [Safari] Connected
[Safari] Starting Benchmark...
[Safari] Warmup: 5 runs, Measure: 20 runs × 50 iterations
[Safari] Starting Benchmark...
[Safari] Warmup: 5 runs, Measure: 20 runs × 50 iterations
[Safari] === Per-Iteration Timing (sum of individual pass durations) ===
[Safari] Fragment: median=23.94 mean=23.30±1.79 us
[Safari] Compute:  median=7.63 mean=7.68±0.46 us
[Safari] Speedup: 3.14x
[Safari] === Wall-Clock Timing (total time ÷ iterations) ===
[Safari] Fragment: median=68.73 mean=64.43±21.75 us
[Safari] Compute:  median=46.77 mean=54.47±29.41 us
[Safari] Speedup: 1.47x
[Safari] === Overhead (wall - perIter) ===
[Safari] Fragment overhead: 44.79 us/iter
[Safari] Compute overhead:  39.14 us/iter
[Safari] [Safari] Connected
[Safari] [Safari] Connected
[Safari] Starting Benchmark...
[Safari] Warmup: 5 runs, Measure: 20 runs × 50 iterations
[Safari] Starting Benchmark...
[Safari] Warmup: 5 runs, Measure: 20 runs × 50 iterations
[Safari] === Per-Iteration Timing (sum of individual pass durations) ===
[Safari] Fragment: median=22.79 mean=23.06±2.02 us
[Safari] Compute:  median=8.03 mean=7.98±0.62 us
[Safari] Speedup: 2.84x
[Safari] === Wall-Clock Timing (total time ÷ iterations) ===
[Safari] Fragment: median=66.42 mean=59.00±13.45 us
[Safari] Compute:  median=68.21 mean=64.79±23.97 us
[Safari] Speedup: 0.97x
[Safari] === Overhead (wall - perIter) ===
[Safari] Fragment overhead: 43.62 us/iter
[Safari] Compute overhead:  60.19 us/iter
[Safari] === Per-Iteration Timing (sum of individual pass durations) ===
[Safari] Fragment: median=21.75 mean=22.58±1.96 us
[Safari] Compute:  median=8.13 mean=8.28±0.83 us
[Safari] Speedup: 2.67x
[Safari] === Wall-Clock Timing (total time ÷ iterations) ===
[Safari] Fragment: median=55.45 mean=56.17±11.19 us
[Safari] Compute:  median=72.86 mean=71.24±28.51 us
[Safari] Speedup: 0.76x
[Safari] === Overhead (wall - perIter) ===
[Safari] Fragment overhead: 33.69 us/iter
[Safari] Compute overhead:  64.73 us/iter
[Firefox] [Firefox] Connected
[Firefox] Starting Benchmark...
[Firefox] Warmup: 5 runs, Measure: 20 runs × 50 iterations
[Safari] [Safari] Connected
[Safari] [Safari] Connected
[Safari] Starting Benchmark...
[Safari] Warmup: 5 runs, Measure: 20 runs × 50 iterations
[Safari] Starting Benchmark...
[Safari] Warmup: 5 runs, Measure: 20 runs × 50 iterations
[Safari] === Per-Iteration Timing (sum of individual pass durations) ===
[Safari] Fragment: median=22.61 mean=22.70±1.93 us
[Safari] Compute:  median=7.42 mean=7.39±0.22 us
[Safari] Speedup: 3.05x
[Safari] === Wall-Clock Timing (total time ÷ iterations) ===
[Safari] Fragment: median=48.22 mean=50.37±9.88 us
[Safari] Compute:  median=27.58 mean=30.32±12.25 us
[Safari] Speedup: 1.75x
[Safari] === Overhead (wall - perIter) ===
[Safari] Fragment overhead: 25.61 us/iter
[Safari] Compute overhead:  20.16 us/iter
[Safari] === Per-Iteration Timing (sum of individual pass durations) ===
[Safari] Fragment: median=22.91 mean=22.96±1.80 us
[Safari] Compute:  median=7.48 mean=7.62±0.50 us
[Safari] Speedup: 3.06x
[Safari] === Wall-Clock Timing (total time ÷ iterations) ===
[Safari] Fragment: median=49.43 mean=51.05±10.36 us
[Safari] Compute:  median=39.04 mean=38.57±16.04 us
[Safari] Speedup: 1.27x
[Safari] === Overhead (wall - perIter) ===
[Safari] Fragment overhead: 26.51 us/iter
[Safari] Compute overhead:  31.56 us/iter
[Firefox] [Firefox] Connected
[Firefox] Starting Benchmark...
[Firefox] Warmup: 5 runs, Measure: 20 runs × 50 iterations
[Firefox] === Per-Iteration Timing (sum of individual pass durations) ===
[Firefox] Fragment: median=55.33 mean=53.79±7.97 us
[Firefox] Compute:  median=18.33 mean=17.80±2.67 us
[Firefox] Speedup: 3.02x
[Firefox] === Wall-Clock Timing (total time ÷ iterations) ===
[Firefox] Fragment: median=175.89 mean=161.23±30.94 us
[Firefox] Compute:  median=194.22 mean=208.84±101.52 us
[Firefox] Speedup: 0.91x
[Firefox] === Overhead (wall - perIter) ===
[Firefox] Fragment overhead: 120.56 us/iter
[Firefox] Compute overhead:  175.89 us/iter
